// Jest Snapshot v1, https://goo.gl/fbAQLP

exports[`CheckoutProductSegment render should render to match snapshot 1`] = `
<tr>
  <td />
  <td />
  <td>
    <div
      className="remove-product-from-checkout ui button"
      onClick={[Function]}
    >
      <i
        className="close icon"
      />
    </div>
  </td>
</tr>
`;
