// Jest Snapshot v1, https://goo.gl/fbAQLP

exports[`ProductSegment render should render to match snapshot 1`] = `
<tr>
  <td />
  <td />
  <td />
  <td>
    <div
      className="add-product-to-checkout ui primary button"
      onClick={[Function]}
    >
      <i
        className="shop icon"
      />
       Add to Cart
    </div>
  </td>
</tr>
`;
