// Jest Snapshot v1, https://goo.gl/fbAQLP

exports[`CheckoutPage render should render to match snapshot 1`] = `
<div>
  <h1>
    Checkout page
  </h1>
  <div
    className="promotion-code-panel-wrapper"
  >
    <span>
      Promotion Code:
    </span>
    <input />
    <button
      className="code-submit"
      onClick={[Function]}
    >
      Submit Code
    </button>
    <span>
      
    </span>
  </div>
  <div
    className="productlist-wrapper"
  >
    <h2>
      ProductListPanel
    </h2>
  </div>
  <div>
    CheckoutPanel
  </div>
</div>
`;
