// Jest Snapshot v1, https://goo.gl/fbAQLP

exports[`CheckoutPage render should render to match snapshot 1`] = `
<div
  className="ui container"
>
  <h1>
    Checkout page
  </h1>
  <div
    className="checkout-container"
  >
    <div
      className="checkout-left-container"
    >
      <div
        className="ui action labeled input"
      >
        <div
          className="ui label"
        >
          Promotion Code:
        </div>
        <input
          type="text"
        />
        <button
          className="ui teal button code-submit"
          onClick={[Function]}
        >
          Submit Code
        </button>
      </div>
    </div>
    <div
      className="checkout-right-container"
    />
  </div>
</div>
`;
