// Jest Snapshot v1, https://goo.gl/fbAQLP

exports[`PromotionCodePanel render should render to match snapshot 1`] = `
<div
  className="ui action labeled input"
>
  <div
    className="ui label"
  >
    Promotion Code:
  </div>
  <input
    type="text"
  />
  <button
    className="ui teal button code-submit"
    onClick={[Function]}
  >
    Submit Code
  </button>
</div>
`;
