// Jest Snapshot v1, https://goo.gl/fbAQLP

exports[`ProductListPanel render should render to match snapshot 1`] = `
<div
  className="productlist-wrapper"
>
  <table
    className="ui stripped table"
  >
    <thead>
      <tr>
        <th>
          Id
        </th>
        <th>
          Name
        </th>
        <th>
          Price
        </th>
        <th />
      </tr>
    </thead>
    <tbody />
  </table>
</div>
`;
