// Jest Snapshot v1, https://goo.gl/fbAQLP

exports[`CheckoutPanel render should render to match snapshot 1`] = `
<div
  className="checkout-panel-wrapper"
>
  <h2>
    CheckoutPanel
  </h2>
  <div
    className="checkout-summary-wrapper"
  >
    <span>
      Promotion Code: 
      
        
    </span>
    <span>
      Total Price: 
      399.00
        
    </span>
  </div>
</div>
`;
